#
# A fatal error has been detected by the Java Runtime Environment:
#
#  EXCEPTION_ACCESS_VIOLATION (0xc0000005) at pc=0x000000006e290294, pid=5936, tid=6096
#
# JRE version: 7.0_11-b21
# Java VM: Java HotSpot(TM) 64-Bit Server VM (23.6-b04 mixed mode windows-amd64 compressed oops)
# Problematic frame:
# C  0x000000006e290294
#
# Failed to write core dump. Minidumps are not enabled by default on client versions of Windows
#
# If you would like to submit a bug report, please visit:
#   http://bugreport.sun.com/bugreport/crash.jsp
# The crash happened outside the Java Virtual Machine in native code.
# See problematic frame for where to report the bug.
#

---------------  T H R E A D  ---------------

Current thread (0x0000000060658800):  JavaThread "AWT-EventQueue-0" [_thread_in_native, id=6096, stack(0x0000000094000000,0x0000000098000000)]

siginfo: ExceptionCode=0xc0000005, reading address 0x000000000000007c

Registers:
RAX=0x000000000000001f, RBX=0x000000000af50001, RCX=0x000000000000001f, RDX=0x0000000000000000
RSP=0x0000000097ffe020, RBP=0x0000000000000001, RSI=0x0000000000000277, RDI=0x00000000000001bc
R8 =0x00000000ff002747, R9 =0x00000000fafd3bbc, R10=0x0000000000000276, R11=0x0000000000000000
R12=0x0000000000000000, R13=0x00000000fffffff7, R14=0x00000000ffffffdc, R15=0x0000000000000000
RIP=0x000000006e290294, EFLAGS=0x0000000000010202

Top of Stack: (sp=0x0000000097ffe020)
0x0000000097ffe020:   000000006e3abb58 000000006e2720df
0x0000000097ffe030:   00000000606589d8 0000000097ffe130
0x0000000097ffe040:   00000001013a4360 000000010ccc6850
0x0000000097ffe050:   0000000097ffe130 0000000097ffe090
0x0000000097ffe060:   000000006e3abb58 0000000097ffe200
0x0000000097ffe070:   0000000000000009 0000002400000009
0x0000000097ffe080:   000001e000000280 0000000021f91cea
0x0000000097ffe090:   0000002400000009 000001e000000280
0x0000000097ffe0a0:   000000000af4a717 0000000100000000
0x0000000097ffe0b0:   0000000000000278 0000000000000000
0x0000000097ffe0c0:   0000000000000000 0000000000000000
0x0000000097ffe0d0:   0000000000000000 0000000000000000
0x0000000097ffe0e0:   0000000000000000 000000000000000a
0x0000000097ffe0f0:   0000000060658800 0000000097ffe228
0x0000000097ffe100:   0000000097ffe260 0000000000000000
0x0000000097ffe110:   00000000e821a898 000000006937acce 

Instructions: (pc=0x000000006e290294)
0x000000006e290274:   00 00 6b c0 1d 6b c9 4d 03 d1 8d 84 02 80 00 00
0x000000006e290284:   00 99 0f b6 d2 03 c2 c1 f8 08 41 ff ca 0f b6 c8
0x000000006e290294:   41 0f b6 04 8c 88 43 ff 75 b2 4d 03 cb 48 03 dd
0x000000006e2902a4:   ff cf 75 98 48 8b 5c 24 10 48 8b 6c 24 18 48 8b 


Register to memory mapping:

RAX=0x000000000000001f is an unknown value
RBX=0x000000000af50001 is an unknown value
RCX=0x000000000000001f is an unknown value
RDX=0x0000000000000000 is an unknown value
RSP=0x0000000097ffe020 is pointing into the stack for thread: 0x0000000060658800
RBP=0x0000000000000001 is an unknown value
RSI=0x0000000000000277 is an unknown value
RDI=0x00000000000001bc is an unknown value
R8 =0x00000000ff002747 is an unallocated location in the heap
R9 =0x00000000fafd3bbc is an unknown value
R10=0x0000000000000276 is an unknown value
R11=0x0000000000000000 is an unknown value
R12=0x0000000000000000 is an unknown value
R13=0x00000000fffffff7 is an unallocated location in the heap
R14=0x00000000ffffffdc is an unallocated location in the heap
R15=0x0000000000000000 is an unknown value


Stack: [0x0000000094000000,0x0000000098000000],  sp=0x0000000097ffe020,  free space=65528k
Native frames: (J=compiled Java code, j=interpreted, Vv=VM code, C=native code)
C  0x000000006e290294

Java frames: (J=compiled Java code, j=interpreted, Vv=VM code)
J  sun.java2d.loops.Blit.Blit(Lsun/java2d/SurfaceData;Lsun/java2d/SurfaceData;Ljava/awt/Composite;Lsun/java2d/pipe/Region;IIIIII)V
J  sun.java2d.pipe.DrawImage.copyImage(Lsun/java2d/SunGraphics2D;Ljava/awt/Image;IILjava/awt/Color;Ljava/awt/image/ImageObserver;)Z
J  sun.java2d.SunGraphics2D.drawImage(Ljava/awt/Image;IILjava/awt/Color;Ljava/awt/image/ImageObserver;)Z
J  javax.swing.RepaintManager$PaintManager.paintDoubleBuffered(Ljavax/swing/JComponent;Ljava/awt/Image;Ljava/awt/Graphics;IIII)V
j  javax.swing.RepaintManager$PaintManager.paint(Ljavax/swing/JComponent;Ljavax/swing/JComponent;Ljava/awt/Graphics;IIII)Z+116
j  javax.swing.RepaintManager.paint(Ljavax/swing/JComponent;Ljavax/swing/JComponent;Ljava/awt/Graphics;IIII)V+52
J  javax.swing.JComponent.paint(Ljava/awt/Graphics;)V
j  java.awt.GraphicsCallback$PaintCallback.run(Ljava/awt/Component;Ljava/awt/Graphics;)V+2
j  sun.awt.SunGraphicsCallback.runOneComponent(Ljava/awt/Component;Ljava/awt/Rectangle;Ljava/awt/Graphics;Ljava/awt/Shape;I)V+155
j  sun.awt.SunGraphicsCallback.runComponents([Ljava/awt/Component;Ljava/awt/Graphics;I)V+194
j  java.awt.Container.paint(Ljava/awt/Graphics;)V+58
j  java.awt.Window.paint(Ljava/awt/Graphics;)V+68
J  javax.swing.RepaintManager.paintDirtyRegions(Ljava/util/Map;)V
j  javax.swing.RepaintManager.paintDirtyRegions()V+46
j  javax.swing.RepaintManager.prePaintDirtyRegions()V+73
j  javax.swing.RepaintManager.access$700(Ljavax/swing/RepaintManager;)V+1
j  javax.swing.RepaintManager$ProcessingRunnable.run()V+37
J  java.awt.EventQueue$3.run()Ljava/lang/Object;
v  ~StubRoutines::call_stub
J  java.security.AccessController.doPrivileged(Ljava/security/PrivilegedAction;Ljava/security/AccessControlContext;)Ljava/lang/Object;
J  java.awt.EventDispatchThread.pumpEventsForFilter(ILjava/awt/Conditional;Ljava/awt/EventFilter;)V
j  java.awt.EventDispatchThread.pumpEventsForHierarchy(ILjava/awt/Conditional;Ljava/awt/Component;)V+11
j  java.awt.EventDispatchThread.pumpEvents(ILjava/awt/Conditional;)V+4
j  java.awt.EventDispatchThread.pumpEvents(Ljava/awt/Conditional;)V+3
j  java.awt.EventDispatchThread.run()V+9
v  ~StubRoutines::call_stub

---------------  P R O C E S S  ---------------

Java Threads: ( => current thread )
  0x000000007dc42000 JavaThread "RecordlistTable Timer" daemon [_thread_blocked, id=9756, stack(0x00000000a8000000,0x00000000ac000000)]
  0x0000000075c46800 JavaThread "Prefs Updater" daemon [_thread_blocked, id=5884, stack(0x0000000158030000,0x000000015c030000)]
  0x000000010ccaa800 JavaThread "Timer-2" daemon [_thread_blocked, id=4536, stack(0x0000000118fd0000,0x000000011cfd0000)]
  0x0000000061548000 JavaThread "com.jniwrapper.NativeResourceCollector" daemon [_thread_blocked, id=9692, stack(0x0000000110fd0000,0x0000000114fd0000)]
  0x0000000061543800 JavaThread "Code Analyzer updating thread" [_thread_blocked, id=3312, stack(0x00000000dc000000,0x00000000e0000000)]
  0x0000000061544800 JavaThread "Code Analyzer updating thread" [_thread_blocked, id=6960, stack(0x00000000d4000000,0x00000000d8000000)]
  0x0000000061543000 JavaThread "Code Analyzer updating thread" [_thread_blocked, id=3868, stack(0x00000000d0000000,0x00000000d4000000)]
  0x0000000061541800 JavaThread "Active Reference Queue Daemon" daemon [_thread_blocked, id=956, stack(0x00000000cc000000,0x00000000d0000000)]
  0x000000006153f000 JavaThread "Timer-1" daemon [_thread_blocked, id=1712, stack(0x00000000c8000000,0x00000000cc000000)]
  0x0000000061540000 JavaThread "ClipboardMonitor Timer" daemon [_thread_blocked, id=5360, stack(0x00000000c4000000,0x00000000c8000000)]
  0x000000006153e800 JavaThread "Explorer NavigationContext request queue" daemon [_thread_blocked, id=9004, stack(0x00000000c0000000,0x00000000c4000000)]
  0x000000006153a000 JavaThread "AddressBar directory emptiness poller" daemon [_thread_blocked, id=4684, stack(0x00000000b8000000,0x00000000bc000000)]
  0x000000006153b800 JavaThread "Explorer Refresh Service 1373330957" daemon [_thread_blocked, id=1360, stack(0x00000000b4000000,0x00000000b8000000)]
  0x0000000061546800 JavaThread "Thread-4" daemon [_thread_blocked, id=5604, stack(0x00000000b0000000,0x00000000b4000000)]
  0x0000000061546000 JavaThread "TimerQueue" daemon [_thread_blocked, id=7616, stack(0x00000000ac000000,0x00000000b0000000)]
  0x0000000061539000 JavaThread "Thread-3" daemon [_thread_blocked, id=9188, stack(0x0000000098000000,0x000000009c000000)]
  0x00000000613b9800 JavaThread "FelixPackageAdmin" daemon [_thread_blocked, id=3568, stack(0x00000000a4000000,0x00000000a8000000)]
  0x00000000600ed800 JavaThread "FelixStartLevel" daemon [_thread_blocked, id=1288, stack(0x00000000a0000000,0x00000000a4000000)]
  0x00000000600cd000 JavaThread "FelixDispatchQueue" daemon [_thread_blocked, id=5656, stack(0x000000009c000000,0x00000000a0000000)]
=>0x0000000060658800 JavaThread "AWT-EventQueue-0" [_thread_in_native, id=6096, stack(0x0000000094000000,0x0000000098000000)]
  0x000000005fde2800 JavaThread "com.google.common.base.internal.Finalizer" daemon [_thread_blocked, id=9864, stack(0x0000000090000000,0x0000000094000000)]
  0x000000005fde2000 JavaThread "AWT-Windows" daemon [_thread_in_native, id=7952, stack(0x0000000088000000,0x000000008c000000)]
  0x000000005fde1000 JavaThread "AWT-Shutdown" [_thread_blocked, id=6872, stack(0x0000000084000000,0x0000000088000000)]
  0x000000005fde0800 JavaThread "Java2D Disposer" daemon [_thread_blocked, id=3928, stack(0x0000000080000000,0x0000000084000000)]
  0x000000005fd02000 JavaThread "Timer-0" [_thread_blocked, id=5248, stack(0x0000000077aa0000,0x000000007baa0000)]
  0x000000005fcd9800 JavaThread "EventMgr Dispatcher" daemon [_thread_in_native, id=4804, stack(0x0000000063570000,0x0000000067570000)]
  0x0000000021a48800 JavaThread "Service Thread" daemon [_thread_blocked, id=2652, stack(0x00000000579d0000,0x000000005b9d0000)]
  0x0000000021a46800 JavaThread "C2 CompilerThread1" daemon [_thread_blocked, id=7880, stack(0x00000000539d0000,0x00000000579d0000)]
  0x0000000021a28800 JavaThread "C2 CompilerThread0" daemon [_thread_blocked, id=9808, stack(0x000000004f9d0000,0x00000000539d0000)]
  0x0000000021a28000 JavaThread "Attach Listener" daemon [_thread_blocked, id=8824, stack(0x000000004b9d0000,0x000000004f9d0000)]
  0x00000000219a7000 JavaThread "Finalizer" daemon [_thread_blocked, id=7476, stack(0x00000000479d0000,0x000000004b9d0000)]
  0x00000000219a1000 JavaThread "Reference Handler" daemon [_thread_blocked, id=7920, stack(0x00000000439d0000,0x00000000479d0000)]
  0x00000000205c1000 JavaThread "main" [_thread_in_native, id=5260, stack(0x0000000000030000,0x0000000004030000)]

Other Threads:
  0x000000002199e000 VMThread [stack: 0x000000003f9d0000,0x00000000439d0000] [id=6060]
  0x0000000021a9f800 WatcherThread [stack: 0x000000005b9d0000,0x000000005f9d0000] [id=9044]

VM state:not at safepoint (normal execution)

VM Mutex/Monitor currently owned by a thread: None

Heap
 PSYoungGen      total 33408K, used 20409K [0x00000000fa000000, 0x00000000fc8f0000, 0x0000000100000000)
  eden space 30656K, 57% used [0x00000000fa000000,0x00000000fb14b020,0x00000000fbdf0000)
  from space 2752K, 98% used [0x00000000fbe70000,0x00000000fc113570,0x00000000fc120000)
  to   space 5632K, 0% used [0x00000000fc370000,0x00000000fc370000,0x00000000fc8f0000)
 ParOldGen       total 143808K, used 136842K [0x00000000e8000000, 0x00000000f0c70000, 0x00000000fa000000)
  object space 143808K, 95% used [0x00000000e8000000,0x00000000f05a2bd0,0x00000000f0c70000)
 PSPermGen       total 120768K, used 70546K [0x00000000e0000000, 0x00000000e75f0000, 0x00000000e8000000)
  object space 120768K, 58% used [0x00000000e0000000,0x00000000e44e4ad0,0x00000000e75f0000)

Card table byte_map: [0x0000000020c20000,0x0000000020d30000] byte_map_base: 0x0000000020520000

Polling page: 0x000000000adf0000

Code Cache  [0x0000000021f80000, 0x0000000022c80000, 0x0000000024f80000)
 total_blobs=4692 nmethods=3991 adapters=648 free_code_cache=36068Kb largest_free_block=36756160

Compilation events (10 events):
Event: 7607.398 Thread 0x0000000021a46800 4418             java.util.IdentityHashMap$IdentityHashMapIterator::<init> (6 bytes)
Event: 7607.398 Thread 0x0000000021a28800 4419             java.util.IdentityHashMap$IdentityHashMapIterator::<init> (63 bytes)
Event: 7607.399 Thread 0x0000000021a28800 nmethod 4419 0x00000000223e8a90 code [0x00000000223e8bc0, 0x00000000223e8c78]
Event: 7607.399 Thread 0x0000000021a46800 nmethod 4418 0x00000000223e87d0 code [0x00000000223e8900, 0x00000000223e89b8]
Event: 7607.719 Thread 0x0000000021a46800 4420             java.util.IdentityHashMap$KeyIterator::<init> (6 bytes)
Event: 7607.719 Thread 0x0000000021a28800 4421             java.util.IdentityHashMap$KeyIterator::<init> (12 bytes)
Event: 7607.720 Thread 0x0000000021a46800 nmethod 4420 0x0000000022c4fb10 code [0x0000000022c4fc40, 0x0000000022c4fcf8]
Event: 7607.720 Thread 0x0000000021a28800 nmethod 4421 0x0000000022c4f810 code [0x0000000022c4f940, 0x0000000022c4f9f8]
Event: 9331.040 Thread 0x0000000021a28800 4422   !         com.mathworks.util.RequestQueue::execute (74 bytes)
Event: 9331.048 Thread 0x0000000021a28800 nmethod 4422 0x0000000022c50090 code [0x0000000022c50220, 0x0000000022c50bd8]

GC Heap History (10 events):
Event: 7589.117 GC heap before
{Heap before GC invocations=335 (full 4):
 PSYoungGen      total 35840K, used 32759K [0x00000000fa000000, 0x00000000fc9a0000, 0x0000000100000000)
  eden space 30208K, 100% used [0x00000000fa000000,0x00000000fbd80000,0x00000000fbd80000)
  from space 5632K, 45% used [0x00000000fc420000,0x00000000fc69dcd0,0x00000000fc9a0000)
  to   space 6208K, 0% used [0x00000000fbd80000,0x00000000fbd80000,0x00000000fc390000)
 ParOldGen       total 143808K, used 136639K [0x00000000e8000000, 0x00000000f0c70000, 0x00000000fa000000)
  object space 143808K, 95% used [0x00000000e8000000,0x00000000f056fdd0,0x00000000f0c70000)
 PSPermGen       total 120768K, used 70531K [0x00000000e0000000, 0x00000000e75f0000, 0x00000000e8000000)
  object space 120768K, 58% used [0x00000000e0000000,0x00000000e44e0de8,0x00000000e75f0000)
Event: 7589.123 GC heap after
Heap after GC invocations=335 (full 4):
 PSYoungGen      total 32704K, used 2997K [0x00000000fa000000, 0x00000000fc8c0000, 0x0000000100000000)
  eden space 29696K, 0% used [0x00000000fa000000,0x00000000fa000000,0x00000000fbd00000)
  from space 3008K, 99% used [0x00000000fbd80000,0x00000000fc06d4a8,0x00000000fc070000)
  to   space 6016K, 0% used [0x00000000fc2e0000,0x00000000fc2e0000,0x00000000fc8c0000)
 ParOldGen       total 143808K, used 136703K [0x00000000e8000000, 0x00000000f0c70000, 0x00000000fa000000)
  object space 143808K, 95% used [0x00000000e8000000,0x00000000f057fdd0,0x00000000f0c70000)
 PSPermGen       total 120768K, used 70531K [0x00000000e0000000, 0x00000000e75f0000, 0x00000000e8000000)
  object space 120768K, 58% used [0x00000000e0000000,0x00000000e44e0de8,0x00000000e75f0000)
}
Event: 7589.309 GC heap before
{Heap before GC invocations=336 (full 4):
 PSYoungGen      total 32704K, used 32693K [0x00000000fa000000, 0x00000000fc8c0000, 0x0000000100000000)
  eden space 29696K, 100% used [0x00000000fa000000,0x00000000fbd00000,0x00000000fbd00000)
  from space 3008K, 99% used [0x00000000fbd80000,0x00000000fc06d4a8,0x00000000fc070000)
  to   space 6016K, 0% used [0x00000000fc2e0000,0x00000000fc2e0000,0x00000000fc8c0000)
 ParOldGen       total 143808K, used 136703K [0x00000000e8000000, 0x00000000f0c70000, 0x00000000fa000000)
  object space 143808K, 95% used [0x00000000e8000000,0x00000000f057fe28,0x00000000f0c70000)
 PSPermGen       total 120768K, used 70531K [0x00000000e0000000, 0x00000000e75f0000, 0x00000000e8000000)
  object space 120768K, 58% used [0x00000000e0000000,0x00000000e44e0de8,0x00000000e75f0000)
Event: 7589.314 GC heap after
Heap after GC invocations=336 (full 4):
 PSYoungGen      total 35776K, used 2599K [0x00000000fa000000, 0x00000000fca40000, 0x0000000100000000)
  eden space 29760K, 0% used [0x00000000fa000000,0x00000000fa000000,0x00000000fbd10000)
  from space 6016K, 43% used [0x00000000fc2e0000,0x00000000fc569fc8,0x00000000fc8c0000)
  to   space 5952K, 0% used [0x00000000fbd10000,0x00000000fbd10000,0x00000000fc2e0000)
 ParOldGen       total 143808K, used 136751K [0x00000000e8000000, 0x00000000f0c70000, 0x00000000fa000000)
  object space 143808K, 95% used [0x00000000e8000000,0x00000000f058be28,0x00000000f0c70000)
 PSPermGen       total 120768K, used 70531K [0x00000000e0000000, 0x00000000e75f0000, 0x00000000e8000000)
  object space 120768K, 58% used [0x00000000e0000000,0x00000000e44e0de8,0x00000000e75f0000)
}
Event: 7595.418 GC heap before
{Heap before GC invocations=337 (full 4):
 PSYoungGen      total 35776K, used 32359K [0x00000000fa000000, 0x00000000fca40000, 0x0000000100000000)
  eden space 29760K, 100% used [0x00000000fa000000,0x00000000fbd10000,0x00000000fbd10000)
  from space 6016K, 43% used [0x00000000fc2e0000,0x00000000fc569fc8,0x00000000fc8c0000)
  to   space 5952K, 0% used [0x00000000fbd10000,0x00000000fbd10000,0x00000000fc2e0000)
 ParOldGen       total 143808K, used 136754K [0x00000000e8000000, 0x00000000f0c70000, 0x00000000fa000000)
  object space 143808K, 95% used [0x00000000e8000000,0x00000000f058cbd0,0x00000000f0c70000)
 PSPermGen       total 120768K, used 70532K [0x00000000e0000000, 0x00000000e75f0000, 0x00000000e8000000)
  object space 120768K, 58% used [0x00000000e0000000,0x00000000e44e1108,0x00000000e75f0000)
Event: 7595.423 GC heap after
Heap after GC invocations=337 (full 4):
 PSYoungGen      total 35712K, used 2435K [0x00000000fa000000, 0x00000000fc9f0000, 0x0000000100000000)
  eden space 29760K, 0% used [0x00000000fa000000,0x00000000fa000000,0x00000000fbd10000)
  from space 5952K, 40% used [0x00000000fbd10000,0x00000000fbf70ca0,0x00000000fc2e0000)
  to   space 5888K, 0% used [0x00000000fc430000,0x00000000fc430000,0x00000000fc9f0000)
 ParOldGen       total 143808K, used 136786K [0x00000000e8000000, 0x00000000f0c70000, 0x00000000fa000000)
  object space 143808K, 95% used [0x00000000e8000000,0x00000000f0594bd0,0x00000000f0c70000)
 PSPermGen       total 120768K, used 70532K [0x00000000e0000000, 0x00000000e75f0000, 0x00000000e8000000)
  object space 120768K, 58% used [0x00000000e0000000,0x00000000e44e1108,0x00000000e75f0000)
}
Event: 7596.048 GC heap before
{Heap before GC invocations=338 (full 4):
 PSYoungGen      total 35712K, used 32195K [0x00000000fa000000, 0x00000000fc9f0000, 0x0000000100000000)
  eden space 29760K, 100% used [0x00000000fa000000,0x00000000fbd10000,0x00000000fbd10000)
  from space 5952K, 40% used [0x00000000fbd10000,0x00000000fbf70ca0,0x00000000fc2e0000)
  to   space 5888K, 0% used [0x00000000fc430000,0x00000000fc430000,0x00000000fc9f0000)
 ParOldGen       total 143808K, used 136786K [0x00000000e8000000, 0x00000000f0c70000, 0x00000000fa000000)
  object space 143808K, 95% used [0x00000000e8000000,0x00000000f0594bd0,0x00000000f0c70000)
 PSPermGen       total 120768K, used 70532K [0x00000000e0000000, 0x00000000e75f0000, 0x00000000e8000000)
  object space 120768K, 58% used [0x00000000e0000000,0x00000000e44e1230,0x00000000e75f0000)
Event: 7596.052 GC heap after
Heap after GC invocations=338 (full 4):
 PSYoungGen      total 36800K, used 2731K [0x00000000fa000000, 0x00000000fc9b0000, 0x0000000100000000)
  eden space 31168K, 0% used [0x00000000fa000000,0x00000000fa000000,0x00000000fbe70000)
  from space 5632K, 48% used [0x00000000fc430000,0x00000000fc6daf38,0x00000000fc9b0000)
  to   space 5760K, 0% used [0x00000000fbe70000,0x00000000fbe70000,0x00000000fc410000)
 ParOldGen       total 143808K, used 136818K [0x00000000e8000000, 0x00000000f0c70000, 0x00000000fa000000)
  object space 143808K, 95% used [0x00000000e8000000,0x00000000f059cbd0,0x00000000f0c70000)
 PSPermGen       total 120768K, used 70532K [0x00000000e0000000, 0x00000000e75f0000, 0x00000000e8000000)
  object space 120768K, 58% used [0x00000000e0000000,0x00000000e44e1230,0x00000000e75f0000)
}
Event: 9220.044 GC heap before
{Heap before GC invocations=339 (full 4):
 PSYoungGen      total 36800K, used 33899K [0x00000000fa000000, 0x00000000fc9b0000, 0x0000000100000000)
  eden space 31168K, 100% used [0x00000000fa000000,0x00000000fbe70000,0x00000000fbe70000)
  from space 5632K, 48% used [0x00000000fc430000,0x00000000fc6daf38,0x00000000fc9b0000)
  to   space 5760K, 0% used [0x00000000fbe70000,0x00000000fbe70000,0x00000000fc410000)
 ParOldGen       total 143808K, used 136818K [0x00000000e8000000, 0x00000000f0c70000, 0x00000000fa000000)
  object space 143808K, 95% used [0x00000000e8000000,0x00000000f059cbd0,0x00000000f0c70000)
 PSPermGen       total 120768K, used 70535K [0x00000000e0000000, 0x00000000e75f0000, 0x00000000e8000000)
  object space 120768K, 58% used [0x00000000e0000000,0x00000000e44e1d30,0x00000000e75f0000)
Event: 9220.049 GC heap after
Heap after GC invocations=339 (full 4):
 PSYoungGen      total 33408K, used 2701K [0x00000000fa000000, 0x00000000fc8f0000, 0x0000000100000000)
  eden space 30656K, 0% used [0x00000000fa000000,0x00000000fa000000,0x00000000fbdf0000)
  from space 2752K, 98% used [0x00000000fbe70000,0x00000000fc113570,0x00000000fc120000)
  to   space 5632K, 0% used [0x00000000fc370000,0x00000000fc370000,0x00000000fc8f0000)
 ParOldGen       total 143808K, used 136842K [0x00000000e8000000, 0x00000000f0c70000, 0x00000000fa000000)
  object space 143808K, 95% used [0x00000000e8000000,0x00000000f05a2bd0,0x00000000f0c70000)
 PSPermGen       total 120768K, used 70535K [0x00000000e0000000, 0x00000000e75f0000, 0x00000000e8000000)
  object space 120768K, 58% used [0x00000000e0000000,0x00000000e44e1d30,0x00000000e75f0000)
}

Deoptimization events (10 events):
Event: 6896.113 Thread 0x0000000060658800 Uncommon trap -34 fr.pc 0x00000000228b9974
Event: 6896.113 Thread 0x0000000060658800 Uncommon trap -34 fr.pc 0x00000000228b9974
Event: 6896.113 Thread 0x0000000060658800 Uncommon trap -34 fr.pc 0x00000000228b9974
Event: 6901.516 Thread 0x0000000060658800 Uncommon trap -58 fr.pc 0x0000000022c21e84
Event: 6901.526 Thread 0x0000000060658800 Uncommon trap -58 fr.pc 0x0000000022c21e84
Event: 6902.160 Thread 0x0000000060658800 Uncommon trap -58 fr.pc 0x0000000022c21e84
Event: 6902.680 Thread 0x0000000060658800 Uncommon trap -58 fr.pc 0x0000000022c21e84
Event: 7412.764 Thread 0x0000000060658800 Uncommon trap -83 fr.pc 0x00000000220311d8
Event: 7595.923 Thread 0x0000000060658800 Uncommon trap -34 fr.pc 0x00000000228b9974
Event: 10025.675 Thread 0x0000000060658800 Uncommon trap -12 fr.pc 0x000000002242eb24

Internal exceptions (10 events):
Event: 6883.276 Thread 0x00000000205c1000 Threw 0x00000000fad668f0 at C:\jdk7u1_64p\jdk7u11\hotspot\src\share\vm\prims\jvm.cpp:1166
Event: 6897.601 Thread 0x0000000060658800 Threw 0x00000000fa3b6df0 at C:\jdk7u1_64p\jdk7u11\hotspot\src\share\vm\prims\jvm.cpp:1166
Event: 7412.760 Thread 0x0000000060658800 Threw 0x00000000fa72ad30 at C:\jdk7u1_64p\jdk7u11\hotspot\src\share\vm\prims\jvm.cpp:1166
Event: 7495.626 Thread 0x0000000060658800 Threw 0x00000000faf9c3f8 at C:\jdk7u1_64p\jdk7u11\hotspot\src\share\vm\prims\jvm.cpp:1166
Event: 7495.626 Thread 0x0000000060658800 Threw 0x00000000fafb3150 at C:\jdk7u1_64p\jdk7u11\hotspot\src\share\vm\prims\jvm.cpp:1166
Event: 7581.298 Thread 0x0000000060658800 Threw 0x00000000faa842d0 at C:\jdk7u1_64p\jdk7u11\hotspot\src\share\vm\prims\jvm.cpp:1166
Event: 7581.302 Thread 0x0000000060658800 Threw 0x00000000fab68518 at C:\jdk7u1_64p\jdk7u11\hotspot\src\share\vm\prims\jvm.cpp:1166
Event: 7581.305 Thread 0x0000000060658800 Threw 0x00000000fab83140 at C:\jdk7u1_64p\jdk7u11\hotspot\src\share\vm\prims\jvm.cpp:1166
Event: 7581.306 Thread 0x0000000060658800 Threw 0x00000000fabac918 at C:\jdk7u1_64p\jdk7u11\hotspot\src\share\vm\prims\jvm.cpp:1166
Event: 10025.675 Thread 0x0000000060658800 Implicit null exception at 0x000000002242e328 to 0x000000002242eaf5

Events (10 events):
Event: 10025.646 loading class 0x000000005fdc4c00
Event: 10025.647 loading class 0x000000005fdc4c00 done
Event: 10025.647 loading class 0x0000000021a0e290
Event: 10025.647 loading class 0x0000000021a0e290 done
Event: 10025.647 loading class 0x0000000021a0e250
Event: 10025.647 loading class 0x0000000021a0e250 done
Event: 10025.647 Executing VM operation: Deoptimize
Event: 10025.648 Executing VM operation: Deoptimize done
Event: 10025.675 Thread 0x0000000060658800 DEOPT PACKING pc=0x000000002242eb24 sp=0x0000000097ffe5a0
Event: 10025.675 Thread 0x0000000060658800 DEOPT UNPACKING pc=0x0000000021fb9164 sp=0x0000000097ffe4e0 mode 2


Dynamic libraries:
0x0000000140000000 - 0x0000000140029000 	C:\Program Files\MATLAB\R2013b\bin\win64\MATLAB.exe
0x00000000778c0000 - 0x0000000077a6a000 	C:\Windows\SYSTEM32\ntdll.dll
0x00000000777a0000 - 0x00000000778bf000 	C:\Windows\system32\kernel32.dll
0x000007fefd820000 - 0x000007fefd88a000 	C:\Windows\system32\KERNELBASE.dll
0x000000006f060000 - 0x000000006f3dc000 	C:\Program Files\MATLAB\R2013b\bin\win64\libmwservices.dll
0x000000006fe80000 - 0x000000006ff56000 	C:\Program Files\MATLAB\R2013b\bin\win64\libmwi18n.dll
0x000000006fe70000 - 0x000000006fe7d000 	C:\Program Files\MATLAB\R2013b\bin\win64\libmwresource_core.dll
0x0000000074270000 - 0x0000000074308000 	C:\Program Files\MATLAB\R2013b\bin\win64\MSVCP100.dll
0x0000000073990000 - 0x0000000073a62000 	C:\Program Files\MATLAB\R2013b\bin\win64\MSVCR100.dll
0x0000000074540000 - 0x000000007454e000 	C:\Program Files\MATLAB\R2013b\bin\win64\boost_date_time-vc100-mt-1_49.dll
0x0000000074500000 - 0x000000007452c000 	C:\Program Files\MATLAB\R2013b\bin\win64\boost_filesystem-vc100-mt-1_49.dll
0x0000000074550000 - 0x0000000074559000 	C:\Program Files\MATLAB\R2013b\bin\win64\boost_system-vc100-mt-1_49.dll
0x000007feff860000 - 0x000007feff93b000 	C:\Windows\system32\ADVAPI32.dll
0x000007feffb30000 - 0x000007feffbcf000 	C:\Windows\system32\msvcrt.dll
0x000007feff2b0000 - 0x000007feff2cf000 	C:\Windows\SYSTEM32\sechost.dll
0x000007feff650000 - 0x000007feff77d000 	C:\Windows\system32\RPCRT4.dll
0x00000000744d0000 - 0x00000000744f5000 	C:\Program Files\MATLAB\R2013b\bin\win64\LIBEXPAT.dll
0x00000000736e0000 - 0x000000007386a000 	C:\Program Files\MATLAB\R2013b\bin\win64\icuin49.dll
0x00000000735a0000 - 0x00000000736de000 	C:\Program Files\MATLAB\R2013b\bin\win64\icuuc49.dll
0x000000006aef0000 - 0x000000006c012000 	C:\Program Files\MATLAB\R2013b\bin\win64\icudt49.dll
0x00000000744c0000 - 0x00000000744d0000 	C:\Program Files\MATLAB\R2013b\bin\win64\icuio49.dll
0x0000000004110000 - 0x00000000041cb000 	C:\Program Files\MATLAB\R2013b\bin\win64\libut.dll
0x000000006f960000 - 0x000000006fb07000 	C:\Program Files\MATLAB\R2013b\bin\win64\libmwfl.dll
0x0000000004360000 - 0x000000000476f000 	C:\Program Files\MATLAB\R2013b\bin\win64\libmwMATLAB_res.dll
0x00000000738b0000 - 0x000000007398f000 	C:\Program Files\MATLAB\R2013b\bin\win64\boost_regex-vc100-mt-1_49.dll
0x00000000776a0000 - 0x000000007779a000 	C:\Windows\system32\USER32.dll
0x000007fefde40000 - 0x000007fefdea7000 	C:\Windows\system32\GDI32.dll
0x000007feff940000 - 0x000007feff94e000 	C:\Windows\system32\LPK.dll
0x000007fefdfc0000 - 0x000007fefe08a000 	C:\Windows\system32\USP10.dll
0x00000000744a0000 - 0x00000000744b1000 	C:\Program Files\MATLAB\R2013b\bin\win64\boost_signals-vc100-mt-1_49.dll
0x0000000074440000 - 0x0000000074451000 	C:\Program Files\MATLAB\R2013b\bin\win64\boost_thread-vc100-mt-1_49.dll
0x0000000072dd0000 - 0x0000000072e5c000 	C:\Program Files\MATLAB\R2013b\bin\win64\boost_log-vc100-mt-1_49.dll
0x0000000077a90000 - 0x0000000077a97000 	C:\Windows\system32\PSAPI.DLL
0x000007fefddf0000 - 0x000007fefde3d000 	C:\Windows\system32\WS2_32.dll
0x000007fefe2a0000 - 0x000007fefe2a8000 	C:\Windows\system32\NSI.dll
0x000007fef94a0000 - 0x000007fef94d3000 	C:\Program Files\MATLAB\R2013b\bin\win64\tbb.dll
0x000007feff2d0000 - 0x000007feff2e9000 	C:\Windows\system32\imagehlp.dll
0x000007fefc1a0000 - 0x000007fefc1cc000 	C:\Windows\system32\POWRPROF.dll
0x000007feff950000 - 0x000007feffb27000 	C:\Windows\system32\SETUPAPI.dll
0x000007fefd8f0000 - 0x000007fefd926000 	C:\Windows\system32\CFGMGR32.dll
0x000007feff780000 - 0x000007feff858000 	C:\Windows\system32\OLEAUT32.dll
0x000007fefe090000 - 0x000007fefe293000 	C:\Windows\system32\ole32.dll
0x000007fefd8b0000 - 0x000007fefd8ca000 	C:\Windows\system32\DEVOBJ.dll
0x0000000004770000 - 0x000000000486b000 	C:\Program Files\MATLAB\R2013b\bin\win64\libmx.dll
0x000007fef9500000 - 0x000007fef9528000 	C:\Program Files\MATLAB\R2013b\bin\win64\tbbmalloc.dll
0x0000000074330000 - 0x0000000074347000 	C:\Program Files\MATLAB\R2013b\bin\win64\zlib1.dll
0x000000006ef00000 - 0x000000006ef4e000 	C:\Program Files\MATLAB\R2013b\bin\win64\libmwregexp.dll
0x000000006eeb0000 - 0x000000006eef7000 	C:\Program Files\MATLAB\R2013b\bin\win64\mpath.dll
0x0000000004870000 - 0x0000000004e98000 	C:\Program Files\MATLAB\R2013b\bin\win64\mlutil.dll
0x000000006e870000 - 0x000000006e8e7000 	C:\Program Files\MATLAB\R2013b\bin\win64\xmlcore.dll
0x000000006e410000 - 0x000000006e651000 	C:\Program Files\MATLAB\R2013b\bin\win64\xerces-c_2_7.dll
0x00000000041e0000 - 0x0000000004203000 	C:\Program Files\MATLAB\R2013b\bin\win64\libmwMATLAB_settings_res.dll
0x0000000074490000 - 0x00000000744a0000 	C:\Program Files\MATLAB\R2013b\bin\win64\boost_iostreams-vc100-mt-1_49.dll
0x0000000072d80000 - 0x0000000072dc6000 	C:\Program Files\MATLAB\R2013b\bin\win64\boost_serialization-vc100-mt-1_49.dll
0x000007fefe2b0000 - 0x000007feff03c000 	C:\Windows\system32\SHELL32.dll
0x000007feff040000 - 0x000007feff0b1000 	C:\Windows\system32\SHLWAPI.dll
0x0000000004210000 - 0x0000000004216000 	C:\Program Files\MATLAB\R2013b\bin\win64\libmwnativedisplay.dll
0x00000000685f0000 - 0x000000006863d000 	C:\Program Files\MATLAB\R2013b\bin\win64\opccore.dll
0x00000000684f0000 - 0x00000000685c6000 	C:\Program Files\MATLAB\R2013b\bin\win64\opcmodel.dll
0x00000000684c0000 - 0x00000000684ed000 	C:\Program Files\MATLAB\R2013b\bin\win64\opczippackage.dll
0x0000000074320000 - 0x000000007432e000 	C:\Program Files\MATLAB\R2013b\bin\win64\libminizip.dll
0x0000000068340000 - 0x00000000683a6000 	C:\Program Files\MATLAB\R2013b\bin\win64\opcmwservices.dll
0x000007fefa4f0000 - 0x000007fefa590000 	C:\Windows\WinSxS\amd64_microsoft.windows.common-controls_6595b64144ccf1df_5.82.7601.18837_none_a4d981ff711297b6\COMCTL32.dll
0x000007fefdd50000 - 0x000007fefdde7000 	C:\Windows\system32\COMDLG32.dll
0x000007fefb510000 - 0x000007fefb526000 	C:\Windows\system32\NETAPI32.dll
0x000007fefb500000 - 0x000007fefb50c000 	C:\Windows\system32\netutils.dll
0x000007fefd100000 - 0x000007fefd123000 	C:\Windows\system32\srvcli.dll
0x000007fefb4e0000 - 0x000007fefb4f5000 	C:\Windows\system32\wkscli.dll
0x0000000004ea0000 - 0x0000000004f4d000 	C:\Program Files\MATLAB\R2013b\bin\win64\mcr.dll
0x0000000004f50000 - 0x0000000005310000 	C:\Program Files\MATLAB\R2013b\bin\win64\iqm.dll
0x0000000180000000 - 0x00000001800c2000 	C:\Program Files\MATLAB\R2013b\bin\win64\m_dispatcher.dll
0x0000000005310000 - 0x0000000005b0b000 	C:\Program Files\MATLAB\R2013b\bin\win64\m_interpreter.dll
0x000000006d760000 - 0x000000006d784000 	C:\Program Files\MATLAB\R2013b\bin\win64\libmex.dll
0x000000006d6e0000 - 0x000000006d75b000 	C:\Program Files\MATLAB\R2013b\bin\win64\profiler.dll
0x000000006d450000 - 0x000000006d5c8000 	C:\Program Files\MATLAB\R2013b\bin\win64\libmwmathutil.dll
0x000000006d420000 - 0x000000006d447000 	C:\Program Files\MATLAB\R2013b\bin\win64\libmwmathrng.dll
0x000000006d410000 - 0x000000006d420000 	C:\Program Files\MATLAB\R2013b\bin\win64\libmwmfl_rng.dll
0x0000000005b10000 - 0x0000000005c28000 	C:\Program Files\MATLAB\R2013b\bin\win64\libmwmathcore.dll
0x000000006d2b0000 - 0x000000006d313000 	C:\Program Files\MATLAB\R2013b\bin\win64\libmwspmatrix.dll
0x0000000005c30000 - 0x0000000005e92000 	C:\Program Files\MATLAB\R2013b\bin\win64\mcos.dll
0x000000006cfc0000 - 0x000000006d01c000 	C:\Program Files\MATLAB\R2013b\bin\win64\libmwcholmod.dll
0x000000006cfb0000 - 0x000000006cfbc000 	C:\Program Files\MATLAB\R2013b\bin\win64\libmwamd.dll
0x000000006cfa0000 - 0x000000006cfab000 	C:\Program Files\MATLAB\R2013b\bin\win64\libmwcolamd.dll
0x000000006cf80000 - 0x000000006cf93000 	C:\Program Files\MATLAB\R2013b\bin\win64\libmwblas.dll
0x000000006cf60000 - 0x000000006cf75000 	C:\Program Files\MATLAB\R2013b\bin\win64\libmwbinder.dll
0x000000006cf50000 - 0x000000006cf5b000 	C:\Program Files\MATLAB\R2013b\bin\win64\libmwompwrapper.dll
0x000000006ced0000 - 0x000000006cf4f000 	C:\Program Files\MATLAB\R2013b\bin\win64\libmwlapack.dll
0x000000006ceb0000 - 0x000000006ced0000 	C:\Program Files\MATLAB\R2013b\bin\win64\m_pcodeio.dll
0x000000006ce50000 - 0x000000006ceac000 	C:\Program Files\MATLAB\R2013b\bin\win64\m_ir.dll
0x0000000005ea0000 - 0x0000000006555000 	C:\Program Files\MATLAB\R2013b\bin\win64\m_parser.dll
0x000000006c780000 - 0x000000006c797000 	C:\Program Files\MATLAB\R2013b\bin\win64\ir_xfmr.dll
0x000000006c770000 - 0x000000006c780000 	C:\Program Files\MATLAB\R2013b\bin\win64\mtok.dll
0x000000006c740000 - 0x000000006c768000 	C:\Program Files\MATLAB\R2013b\bin\win64\m_pcodegen.dll
0x000007fef9270000 - 0x000007fef9395000 	C:\Windows\system32\dbghelp.dll
0x000000006c710000 - 0x000000006c73f000 	C:\Program Files\MATLAB\R2013b\bin\win64\libmwbridge.dll
0x000000006c650000 - 0x000000006c706000 	C:\Program Files\MATLAB\R2013b\bin\win64\udd.dll
0x0000000006560000 - 0x00000000066b1000 	C:\Program Files\MATLAB\R2013b\bin\win64\libmwgui.dll
0x000000006c4d0000 - 0x000000006c4f8000 	C:\Program Files\MATLAB\R2013b\bin\win64\graphics_util.dll
0x000000006eaa0000 - 0x000000006eb58000 	C:\Program Files\MATLAB\R2013b\bin\win64\libtex_base.dll
0x00000000066c0000 - 0x0000000007026000 	C:\Program Files\MATLAB\R2013b\bin\win64\hg.dll
0x0000000007030000 - 0x000000000708d000 	C:\Program Files\MATLAB\R2013b\bin\win64\libmat.dll
0x0000000007090000 - 0x0000000007298000 	C:\Program Files\MATLAB\R2013b\bin\win64\hdf5dll.dll
0x00000000072a0000 - 0x0000000007368000 	C:\Program Files\MATLAB\R2013b\bin\win64\jmi.dll
0x0000000004230000 - 0x000000000423e000 	C:\Program Files\MATLAB\R2013b\bin\win64\nativejava_services.dll
0x0000000007370000 - 0x00000000073b2000 	C:\Program Files\MATLAB\R2013b\bin\win64\libmwhardcopy.dll
0x00000000073c0000 - 0x000000000741e000 	C:\Program Files\MATLAB\R2013b\bin\win64\libuij.dll
0x0000000007420000 - 0x0000000007625000 	C:\Program Files\MATLAB\R2013b\bin\win64\hgdatatypes.dll
0x0000000007630000 - 0x0000000007742000 	C:\Program Files\MATLAB\R2013b\bin\win64\hgutils.dll
0x0000000007750000 - 0x00000000077fe000 	C:\Program Files\MATLAB\R2013b\bin\win64\udd_mi.dll
0x0000000007800000 - 0x0000000007836000 	C:\Program Files\MATLAB\R2013b\bin\win64\libmwgbtutils.dll
0x0000000004240000 - 0x0000000004253000 	C:\Program Files\MATLAB\R2013b\bin\win64\libmwgbt.dll
0x0000000007840000 - 0x0000000007b0f000 	C:\Program Files\MATLAB\R2013b\bin\win64\uiw.dll
0x0000000007b10000 - 0x0000000007b19000 	C:\Program Files\MATLAB\R2013b\bin\win64\uinone.dll
0x0000000007b20000 - 0x0000000007b4c000 	C:\Program Files\MATLAB\R2013b\bin\win64\libmwnativedialogs.dll
0x0000000007b60000 - 0x0000000007b6c000 	C:\Program Files\MATLAB\R2013b\bin\win64\libmwplatform_res.dll
0x000007fef8c70000 - 0x000007fef8c88000 	C:\Windows\system32\MPR.dll
0x000000006a990000 - 0x000000006aeed000 	C:\Program Files\MATLAB\R2013b\bin\win64\mfc100.dll
0x000007fefb240000 - 0x000007fefb247000 	C:\Windows\system32\MSIMG32.dll
0x000007fefa470000 - 0x000007fefa4e1000 	C:\Windows\system32\WINSPOOL.DRV
0x0000000007b70000 - 0x0000000007b8d000 	C:\Program Files\MATLAB\R2013b\bin\win64\mwoles05.DLL
0x0000000007b90000 - 0x0000000007bfc000 	C:\Program Files\MATLAB\R2013b\bin\win64\comcli.dll
0x0000000074240000 - 0x000000007426b000 	C:\Program Files\MATLAB\R2013b\bin\win64\ATL100.DLL
0x0000000007c00000 - 0x0000000007c0c000 	C:\Program Files\MATLAB\R2013b\bin\win64\mlautoregister.dll
0x0000000007c10000 - 0x0000000007d7f000 	C:\Program Files\MATLAB\R2013b\bin\win64\mvm.dll
0x000007feff580000 - 0x000007feff5ae000 	C:\Windows\system32\IMM32.DLL
0x000007fefdeb0000 - 0x000007fefdfb9000 	C:\Windows\system32\MSCTF.dll
0x000007fefbb00000 - 0x000007fefbb56000 	C:\Windows\system32\UxTheme.dll
0x000007fefbb80000 - 0x000007fefbb98000 	C:\Windows\system32\dwmapi.dll

VM Arguments:
jvm_args: -XX:PermSize=32m -Xms64m -XX:NewRatio=3 -XX:MaxPermSize=128m -Xmx384m -XX:MaxDirectMemorySize=2147400000 -Dsun.java2d.noddraw=true -Dsun.awt.nopixfmt=true -Xshare:off -Xrs -XX:-UseSplitVerifier -Djava.library.path=C:\Program Files\MATLAB\R2013b\bin\win64;C:\Program Files\MATLAB\R2013b\sys\jxbrowser\win64\lib vfprintf abort -Duser.language=ko -Duser.country=KR -XX:ParallelGCThreads=6 
java_command: <unknown>
Launcher Type: generic

Environment Variables:
PATH=C:\ProgramData\Oracle\Java\javapath;C:\Windows\system32;C:\Windows;C:\Windows\System32\Wbem;C:\Windows\System32\WindowsPowerShell\v1.0\;C:\Program Files\MATLAB\MATLAB Production Server\R2015a\runtime\win64;C:\Program Files\MATLAB\MATLAB Production Server\R2015a\bin;C:\Program Files\MATLAB\R2013b\runtime\win64;C:\Program Files\MATLAB\R2013b\bin;C:\Program Files (x86)\IVI Foundation\VISA\WinNT\Bin\;C:\Program Files\IVI Foundation\VISA\Win64\Bin\;C:\Program Files (x86)\IVI Foundation\VISA\WinNT\Bin;C:\Program Files (x86)\MATLAB\MATLAB Compiler Runtime\v82\runtime\win32;C:\Program Files\MATLAB\MATLAB Production Server\R2015a\polyspace\bin;C:\Program Files (x86)\Common Files\Adobe\AGL;C:\Program Files (x86)\Skype\Phone\;C:\Program Files\SlikSvn\bin;C:\Program Files (x86)\ESTsoft\ALSee\x64
USERNAME=Shin
OS=Windows_NT
PROCESSOR_IDENTIFIER=Intel64 Family 6 Model 60 Stepping 3, GenuineIntel



---------------  S Y S T E M  ---------------

OS: Windows 7 , 64 bit Build 7601 Service Pack 1

CPU:total 8 (4 cores per cpu, 2 threads per core) family 6 model 60 stepping 3, cmov, cx8, fxsr, mmx, sse, sse2, sse3, ssse3, sse4.1, sse4.2, popcnt, avx, avx2, ht, tsc, tscinvbit

Memory: 4k page, physical 8065956k(3023152k free), swap 16437252k(10401460k free)

vm_info: Java HotSpot(TM) 64-Bit Server VM (23.6-b04) for windows-amd64 JRE (1.7.0_11-b21), built on Jan 12 2013 02:38:42 by "java_re" with unknown MS VC++:1600

time: Fri Jul 08 16:17:17 2016
elapsed time: 10029 seconds

